{
	"Please, inform a comment regarding the event.": "Please, inform a comment regarding the event.",
	"Please, inform the url of the image or video you want to publish.": "Please, inform the url of the image or video you want to publish."
}